docker :  Image parvagas-backend Building 
At line:1 char:1
+ docker compose --profile python-backend up -d --build 2>&1 | Tee-Obje ...
+ ~~~~~~~~~~~~~~~~~~~~~~~~~~~~~~~~~~~~~~~~~~~~~~~~~~~~~~~~~~
    + CategoryInfo          : NotSpecified: ( Image parvagas-backend Building  
   :String) [], RemoteException
    + FullyQualifiedErrorId : NativeCommandError
 
 Image parvagas-backend-python Building 
 Image parvagas-celery-worker Building 
#1 [internal] load local bake definitions
#1 reading from stdin 1.60kB done
#1 DONE 0.0s

#2 [backend internal] load build definition from Dockerfile
#2 transferring dockerfile: 545B 0.0s done
#2 DONE 0.1s

#3 [celery-worker internal] load build definition from Dockerfile
#3 transferring dockerfile: 1.23kB 0.1s done
#3 DONE 0.1s

#4 [backend internal] load metadata for docker.io/library/node:20-alpine
#4 ...

#3 [backend-python internal] load build definition from Dockerfile
#3 DONE 0.1s

#5 [backend-python internal] load metadata for docker.io/library/python:3.12-alpine
#5 ...

#4 [backend internal] load metadata for docker.io/library/node:20-alpine
#4 DONE 0.9s

#5 [backend-python internal] load metadata for docker.io/library/python:3.12-alpine
#5 DONE 0.9s

#6 [backend internal] load .dockerignore
#6 transferring context: 321B done
#6 DONE 0.0s

#7 [celery-worker internal] load .dockerignore
#7 transferring context: 2B done
#7 DONE 0.0s

#8 [backend internal] load build context
#8 DONE 0.0s

#9 [celery-worker internal] load build context
#9 DONE 0.0s

#10 [backend base 1/2] FROM docker.io/library/node:20-alpine@sha256:fb4cd12c85ee03686f6af5362a0b0d56d50c58a04632e6c0fb8363f609372293
#10 resolve docker.io/library/node:20-alpine@sha256:fb4cd12c85ee03686f6af5362a0b0d56d50c58a04632e6c0fb8363f609372293 0.1s done
#10 DONE 0.1s

#11 [celery-worker base 1/5] FROM docker.io/library/python:3.12-alpine@sha256:236173eb74001afe2f60862de935b74fcbd00adfca247b2c27051a70a6a39a2d
#11 resolve docker.io/library/python:3.12-alpine@sha256:236173eb74001afe2f60862de935b74fcbd00adfca247b2c27051a70a6a39a2d
#11 resolve docker.io/library/python:3.12-alpine@sha256:236173eb74001afe2f60862de935b74fcbd00adfca247b2c27051a70a6a39a2d 0.1s done
#11 DONE 0.1s

#12 [celery-worker base 2/5] WORKDIR /app
#12 CACHED

#13 [backend-python stage-1 3/7] RUN apk add --no-cache     postgresql-libs     libffi
#13 CACHED

#9 [backend-python internal] load build context
#9 transferring context: 1.93kB 0.0s done
#9 DONE 0.0s

#14 [backend-python base 3/5] RUN apk add --no-cache     gcc     musl-dev     postgresql-dev     libffi-dev     openssl-dev
#14 CACHED

#15 [celery-worker base 4/5] COPY requirements.txt .
#15 DONE 0.1s

#8 [backend internal] load build context
#8 ...

#15 [backend-python base 4/5] COPY requirements.txt .
#15 DONE 0.1s

#16 [backend-python base 5/5] RUN pip install --no-cache-dir -r requirements.txt
#16 ...

#8 [backend internal] load build context
#8 transferring context: 7.17kB 3.3s done
#8 DONE 3.3s

#17 [backend base 2/2] WORKDIR /app
#17 CACHED

#18 [backend prod-deps 1/2] COPY package*.json ./
#18 CACHED

#19 [backend prod-deps 2/2] RUN npm ci --omit=dev
#19 CACHED

#20 [backend runtime 1/4] COPY --from=prod-deps /app/node_modules ./node_modules
#20 CACHED

#21 [backend runtime 2/4] COPY package*.json ./
#21 CACHED

#22 [backend runtime 3/4] COPY server ./server
#22 CACHED

#23 [backend runtime 4/4] RUN mkdir -p /app/server/public/uploads /app/server/logs   && chown -R node:node /app/server/public/uploads /app/server/logs
#23 CACHED

#24 [backend] exporting to image
#24 exporting layers 0.0s done
#24 exporting manifest sha256:152edefb05d0a01be74a69728d096780bb7c780dcf9c7326f0a23606099651d7 0.0s done
#24 exporting config sha256:6a99f18fbe7e9e3ab6998735b4d61c9acedb5b942154131ecdd74699e71ecdfd 0.0s done
#24 exporting attestation manifest sha256:315f791045a86544bf4447fb570e7b3b9e57475ce6aa86e0a210ad8d224db16d
#24 exporting attestation manifest sha256:315f791045a86544bf4447fb570e7b3b9e57475ce6aa86e0a210ad8d224db16d 0.1s done
#24 exporting manifest list sha256:0964f4142eebf9df935d066c647eb8d46c61ebaac5a7899bc83ef3857e034a51 0.0s done
#24 naming to docker.io/library/parvagas-backend:latest
#24 naming to docker.io/library/parvagas-backend:latest done
#24 unpacking to docker.io/library/parvagas-backend:latest 0.0s done
#24 DONE 0.5s

#16 [backend-python base 5/5] RUN pip install --no-cache-dir -r requirements.txt
#16 ...

#25 [backend] resolving provenance for metadata file
#25 DONE 0.2s

#16 [backend-python base 5/5] RUN pip install --no-cache-dir -r requirements.txt
#16 9.488 Collecting fastapi==0.104.1 (from -r requirements.txt (line 1))
#16 9.622   Downloading fastapi-0.104.1-py3-none-any.whl.metadata (24 kB)
#16 9.713 Collecting uvicorn==0.24.0 (from uvicorn[standard]==0.24.0->-r requirements.txt (line 2))
#16 9.742   Downloading uvicorn-0.24.0-py3-none-any.whl.metadata (6.4 kB)
#16 10.27 Collecting sqlalchemy==2.0.23 (from -r requirements.txt (line 3))
#16 10.30   Downloading SQLAlchemy-2.0.23-cp312-cp312-musllinux_1_1_x86_64.whl.metadata (9.6 kB)
#16 10.37 Collecting alembic==1.12.1 (from -r requirements.txt (line 4))
#16 10.40   Downloading alembic-1.12.1-py3-none-any.whl.metadata (7.3 kB)
#16 10.46 Collecting psycopg==3.3.4 (from psycopg[binary]==3.3.4->-r requirements.txt (line 5))
#16 10.49   Downloading psycopg-3.3.4-py3-none-any.whl.metadata (4.3 kB)
#16 10.54 Collecting pydantic-settings==2.1.0 (from -r requirements.txt (line 6))
#16 10.57   Downloading pydantic_settings-2.1.0-py3-none-any.whl.metadata (2.9 kB)
#16 10.61 Collecting python-jose==3.3.0 (from python-jose[cryptography]==3.3.0->-r requirements.txt (line 7))
#16 10.64   Downloading python_jose-3.3.0-py2.py3-none-any.whl.metadata (5.4 kB)
#16 10.68 Collecting passlib==1.7.4 (from passlib[bcrypt]==1.7.4->-r requirements.txt (line 8))
#16 10.71   Downloading passlib-1.7.4-py2.py3-none-any.whl.metadata (1.7 kB)
#16 10.76 Collecting python-multipart==0.0.6 (from -r requirements.txt (line 9))
#16 10.78   Downloading python_multipart-0.0.6-py3-none-any.whl.metadata (2.5 kB)
#16 10.86 Collecting redis==5.0.1 (from -r requirements.txt (line 10))
#16 10.89   Downloading redis-5.0.1-py3-none-any.whl.metadata (8.9 kB)
#16 10.97 Collecting celery==5.3.4 (from -r requirements.txt (line 11))
#16 11.00   Downloading celery-5.3.4-py3-none-any.whl.metadata (21 kB)
#16 11.08 Collecting email-validator==2.1.0 (from -r requirements.txt (line 12))
#16 11.11   Downloading email_validator-2.1.0-py3-none-any.whl.metadata (25 kB)
#16 11.15 Collecting python-docx==0.8.11 (from -r requirements.txt (line 13))
#16 11.19   Downloading python-docx-0.8.11.tar.gz (5.6 MB)
#16 11.66      ÔöüÔöüÔöüÔöüÔöüÔöüÔöüÔöüÔöüÔöüÔöüÔöüÔöüÔöüÔöüÔöüÔöüÔöüÔöüÔöüÔöüÔöüÔöüÔöüÔöüÔöüÔöüÔöüÔöüÔöüÔöüÔöüÔöüÔöüÔöüÔöüÔöüÔöüÔöüÔöü 5.6/5.6 MB 13.1 MB/s eta 0:00:00
#16 12.53   Installing build dependencies: started
#16 16.34   Installing build dependencies: finished with status 'done'
#16 16.35   Getting requirements to build wheel: started
#16 17.09   Getting requirements to build wheel: finished with status 'done'
#16 17.10   Preparing metadata (pyproject.toml): started
#16 17.52   Preparing metadata (pyproject.toml): finished with status 'done'
#16 17.57 Collecting pypdf==4.0.1 (from -r requirements.txt (line 14))
#16 17.60   Downloading pypdf-4.0.1-py3-none-any.whl.metadata (7.4 kB)
#16 17.65 Collecting slowapi==0.1.9 (from -r requirements.txt (line 15))
#16 17.68   Downloading slowapi-0.1.9-py3-none-any.whl.metadata (3.0 kB)
#16 17.73 Collecting jinja2==3.1.2 (from -r requirements.txt (line 16))
#16 17.76   Downloading Jinja2-3.1.2-py3-none-any.whl.metadata (3.5 kB)
#16 17.82 Collecting python-dotenv==1.0.0 (from -r requirements.txt (line 17))
#16 17.85   Downloading python_dotenv-1.0.0-py3-none-any.whl.metadata (21 kB)
#16 17.92 Collecting httpx==0.25.2 (from -r requirements.txt (line 18))
#16 17.95   Downloading httpx-0.25.2-py3-none-any.whl.metadata (6.9 kB)
#16 18.01 Collecting requests==2.31.0 (from -r requirements.txt (line 19))
#16 18.04   Downloading requests-2.31.0-py3-none-any.whl.metadata (4.6 kB)
#16 18.09 Collecting aiofiles==23.2.1 (from -r requirements.txt (line 20))
#16 18.12   Downloading aiofiles-23.2.1-py3-none-any.whl.metadata (9.7 kB)
#16 18.18 Collecting anyio<4.0.0,>=3.7.1 (from fastapi==0.104.1->-r requirements.txt (line 1))
#16 18.20   Downloading anyio-3.7.1-py3-none-any.whl.metadata (4.7 kB)
#16 18.47 Collecting pydantic!=1.8,!=1.8.1,!=2.0.0,!=2.0.1,!=2.1.0,<3.0.0,>=1.7.4 (from fastapi==0.104.1->-r requirements.txt (line 1))
#16 18.51   Downloading pydantic-2.13.4-py3-none-any.whl.metadata (109 kB)
#16 18.60 Collecting starlette<0.28.0,>=0.27.0 (from fastapi==0.104.1->-r requirements.txt (line 1))
#16 18.63   Downloading starlette-0.27.0-py3-none-any.whl.metadata (5.8 kB)
#16 18.67 Collecting typing-extensions>=4.8.0 (from fastapi==0.104.1->-r requirements.txt (line 1))
#16 18.70   Downloading typing_extensions-4.15.0-py3-none-any.whl.metadata (3.3 kB)
#16 18.76 Collecting click>=7.0 (from uvicorn==0.24.0->uvicorn[standard]==0.24.0->-r requirements.txt (line 2))
#16 18.79   Downloading click-8.3.3-py3-none-any.whl.metadata (2.6 kB)
#16 18.83 Collecting h11>=0.8 (from uvicorn==0.24.0->uvicorn[standard]==0.24.0->-r requirements.txt (line 2))
#16 18.85   Downloading h11-0.16.0-py3-none-any.whl.metadata (8.3 kB)
#16 19.11 Collecting greenlet!=0.4.17 (from sqlalchemy==2.0.23->-r requirements.txt (line 3))
#16 19.14   Downloading greenlet-3.5.0-cp312-cp312-musllinux_1_2_x86_64.whl.metadata (3.7 kB)
#16 19.22 Collecting Mako (from alembic==1.12.1->-r requirements.txt (line 4))
#16 19.26   Downloading mako-1.3.12-py3-none-any.whl.metadata (2.9 kB)
#16 19.44 Collecting ecdsa!=0.15 (from python-jose==3.3.0->python-jose[cryptography]==3.3.0->-r requirements.txt (line 7))
#16 19.47   Downloading ecdsa-0.19.2-py2.py3-none-any.whl.metadata (29 kB)
#16 19.51 Collecting rsa (from python-jose==3.3.0->python-jose[cryptography]==3.3.0->-r requirements.txt (line 7))
#16 19.57   Downloading rsa-4.9.1-py3-none-any.whl.metadata (5.6 kB)
#16 19.64 Collecting pyasn1 (from python-jose==3.3.0->python-jose[cryptography]==3.3.0->-r requirements.txt (line 7))
#16 19.66   Downloading pyasn1-0.6.3-py3-none-any.whl.metadata (8.4 kB)
#16 19.73 Collecting billiard<5.0,>=4.1.0 (from celery==5.3.4->-r requirements.txt (line 11))
#16 19.76   Downloading billiard-4.2.4-py3-none-any.whl.metadata (4.8 kB)
#16 19.84 Collecting kombu<6.0,>=5.3.2 (from celery==5.3.4->-r requirements.txt (line 11))
#16 19.87   Downloading kombu-5.6.2-py3-none-any.whl.metadata (3.5 kB)
#16 19.93 Collecting vine<6.0,>=5.0.0 (from celery==5.3.4->-r requirements.txt (line 11))
#16 19.96   Downloading vine-5.1.0-py3-none-any.whl.metadata (2.7 kB)
#16 20.00 Collecting click-didyoumean>=0.3.0 (from celery==5.3.4->-r requirements.txt (line 11))
#16 20.03   Downloading click_didyoumean-0.3.1-py3-none-any.whl.metadata (3.9 kB)
#16 20.07 Collecting click-repl>=0.2.0 (from celery==5.3.4->-r requirements.txt (line 11))
#16 20.10   Downloading click_repl-0.3.0-py3-none-any.whl.metadata (3.6 kB)
#16 20.14 Collecting click-plugins>=1.1.1 (from celery==5.3.4->-r requirements.txt (line 11))
#16 20.16   Downloading click_plugins-1.1.1.2-py2.py3-none-any.whl.metadata (6.5 kB)
#16 20.21 Collecting tzdata>=2022.7 (from celery==5.3.4->-r requirements.txt (line 11))
#16 20.24   Downloading tzdata-2026.2-py2.py3-none-any.whl.metadata (1.4 kB)
#16 20.28 Collecting python-dateutil>=2.8.2 (from celery==5.3.4->-r requirements.txt (line 11))
#16 20.32   Downloading python_dateutil-2.9.0.post0-py2.py3-none-any.whl.metadata (8.4 kB)
#16 20.37 Collecting dnspython>=2.0.0 (from email-validator==2.1.0->-r requirements.txt (line 12))
#16 20.40   Downloading dnspython-2.8.0-py3-none-any.whl.metadata (5.7 kB)
#16 20.46 Collecting idna>=2.0.0 (from email-validator==2.1.0->-r requirements.txt (line 12))
#16 20.49   Downloading idna-3.15-py3-none-any.whl.metadata (7.7 kB)
#16 20.81 Collecting lxml>=2.3.2 (from python-docx==0.8.11->-r requirements.txt (line 13))
#16 20.84   Downloading lxml-6.1.0-cp312-cp312-musllinux_1_2_x86_64.whl.metadata (4.0 kB)
#16 20.90 Collecting limits>=2.3 (from slowapi==0.1.9->-r requirements.txt (line 15))
#16 20.93   Downloading limits-5.8.0-py3-none-any.whl.metadata (10 kB)
#16 21.02 Collecting MarkupSafe>=2.0 (from jinja2==3.1.2->-r requirements.txt (line 16))
#16 21.06   Downloading markupsafe-3.0.3-cp312-cp312-musllinux_1_2_x86_64.whl.metadata (2.7 kB)
#16 21.11 Collecting certifi (from httpx==0.25.2->-r requirements.txt (line 18))
#16 21.14   Downloading certifi-2026.4.22-py3-none-any.whl.metadata (2.5 kB)
#16 21.20 Collecting httpcore==1.* (from httpx==0.25.2->-r requirements.txt (line 18))
#16 21.29   Downloading httpcore-1.0.9-py3-none-any.whl.metadata (21 kB)
#16 21.34 Collecting sniffio (from httpx==0.25.2->-r requirements.txt (line 18))
#16 21.37   Downloading sniffio-1.3.1-py3-none-any.whl.metadata (3.9 kB)
#16 21.54 Collecting charset-normalizer<4,>=2 (from requests==2.31.0->-r requirements.txt (line 19))
#16 21.58   Downloading charset_normalizer-3.4.7-cp312-cp312-musllinux_1_2_x86_64.whl.metadata (40 kB)
#16 21.66 Collecting urllib3<3,>=1.21.1 (from requests==2.31.0->-r requirements.txt (line 19))
#16 21.69   Downloading urllib3-2.7.0-py3-none-any.whl.metadata (6.9 kB)
#16 21.80 Collecting bcrypt>=3.1.0 (from passlib[bcrypt]==1.7.4->-r requirements.txt (line 8))
#16 21.84   Downloading bcrypt-5.0.0-cp39-abi3-musllinux_1_2_x86_64.whl.metadata (10 kB)
#16 22.28 Collecting psycopg-binary==3.3.4 (from psycopg[binary]==3.3.4->-r requirements.txt (line 5))
#16 22.31   Downloading psycopg_binary-3.3.4-cp312-cp312-musllinux_1_2_x86_64.whl.metadata (2.7 kB)
#16 22.70 Collecting cryptography>=3.4.0 (from python-jose[cryptography]==3.3.0->-r requirements.txt (line 7))
#16 22.72   Downloading cryptography-48.0.0-cp311-abi3-musllinux_1_2_x86_64.whl.metadata (4.3 kB)
#16 22.79 Collecting httptools>=0.5.0 (from uvicorn[standard]==0.24.0->-r requirements.txt (line 2))
#16 22.83   Downloading httptools-0.7.1-cp312-cp312-musllinux_1_2_x86_64.whl.metadata (3.5 kB)
#16 22.91 Collecting pyyaml>=5.1 (from uvicorn[standard]==0.24.0->-r requirements.txt (line 2))
#16 22.94   Downloading pyyaml-6.0.3-cp312-cp312-musllinux_1_2_x86_64.whl.metadata (2.4 kB)
#16 23.02 Collecting uvloop!=0.15.0,!=0.15.1,>=0.14.0 (from uvicorn[standard]==0.24.0->-r requirements.txt (line 2))
#16 23.05   Downloading uvloop-0.22.1-cp312-cp312-musllinux_1_2_x86_64.whl.metadata (4.9 kB)
#16 23.20 Collecting watchfiles>=0.13 (from uvicorn[standard]==0.24.0->-r requirements.txt (line 2))
#16 23.24   Downloading watchfiles-1.1.1-cp312-cp312-musllinux_1_1_x86_64.whl.metadata (4.9 kB)
#16 23.41 Collecting websockets>=10.4 (from uvicorn[standard]==0.24.0->-r requirements.txt (line 2))
#16 23.44   Downloading websockets-16.0-cp312-cp312-musllinux_1_2_x86_64.whl.metadata (6.8 kB)
#16 23.56 Collecting prompt-toolkit>=3.0.36 (from click-repl>=0.2.0->celery==5.3.4->-r requirements.txt (line 11))
#16 23.60   Downloading prompt_toolkit-3.0.52-py3-none-any.whl.metadata (6.4 kB)
#16 23.84 Collecting cffi>=2.0.0 (from cryptography>=3.4.0->python-jose[cryptography]==3.3.0->-r requirements.txt (line 7))
#16 23.87   Downloading cffi-2.0.0-cp312-cp312-musllinux_1_2_x86_64.whl.metadata (2.6 kB)
#16 23.92 Collecting six>=1.9.0 (from ecdsa!=0.15->python-jose==3.3.0->python-jose[cryptography]==3.3.0->-r requirements.txt (line 7))
#16 23.95   Downloading six-1.17.0-py2.py3-none-any.whl.metadata (1.7 kB)
#16 24.03 Collecting amqp<6.0.0,>=5.1.1 (from kombu<6.0,>=5.3.2->celery==5.3.4->-r requirements.txt (line 11))
#16 24.06   Downloading amqp-5.3.1-py3-none-any.whl.metadata (8.9 kB)
#16 24.12 Collecting packaging (from kombu<6.0,>=5.3.2->celery==5.3.4->-r requirements.txt (line 11))
#16 24.15   Downloading packaging-26.2-py3-none-any.whl.metadata (3.5 kB)
#16 24.21 Collecting deprecated>=1.2 (from limits>=2.3->slowapi==0.1.9->-r requirements.txt (line 15))
#16 24.24   Downloading deprecated-1.3.1-py2.py3-none-any.whl.metadata (5.9 kB)
#16 24.34 Collecting annotated-types>=0.6.0 (from pydantic!=1.8,!=1.8.1,!=2.0.0,!=2.0.1,!=2.1.0,<3.0.0,>=1.7.4->fastapi==0.104.1->-r requirements.txt (line 1))
#16 24.38   Downloading annotated_types-0.7.0-py3-none-any.whl.metadata (15 kB)
#16 26.44 Collecting pydantic-core==2.46.4 (from pydantic!=1.8,!=1.8.1,!=2.0.0,!=2.0.1,!=2.1.0,<3.0.0,>=1.7.4->fastapi==0.104.1->-r requirements.txt (line 1))
#16 26.48   Downloading pydantic_core-2.46.4-cp312-cp312-musllinux_1_1_x86_64.whl.metadata (6.6 kB)
#16 26.55 Collecting typing-inspection>=0.4.2 (from pydantic!=1.8,!=1.8.1,!=2.0.0,!=2.0.1,!=2.1.0,<3.0.0,>=1.7.4->fastapi==0.104.1->-r requirements.txt (line 1))
#16 26.58   Downloading typing_inspection-0.4.2-py3-none-any.whl.metadata (2.6 kB)
#16 26.81 Collecting pycparser (from cffi>=2.0.0->cryptography>=3.4.0->python-jose[cryptography]==3.3.0->-r requirements.txt (line 7))
#16 26.85   Downloading pycparser-3.0-py3-none-any.whl.metadata (8.2 kB)
#16 27.36 Collecting wrapt<3,>=1.10 (from deprecated>=1.2->limits>=2.3->slowapi==0.1.9->-r requirements.txt (line 15))
#16 27.40   Downloading wrapt-2.1.2-cp312-cp312-musllinux_1_2_x86_64.whl.metadata (7.4 kB)
#16 27.52 Collecting wcwidth (from prompt-toolkit>=3.0.36->click-repl>=0.2.0->celery==5.3.4->-r requirements.txt (line 11))
#16 27.55   Downloading wcwidth-0.7.0-py3-none-any.whl.metadata (36 kB)
#16 27.60 WARNING: The candidate selected for download or install is a yanked version: 'email-validator' candidate (version 2.1.0 at https://files.pythonhosted.org/packages/90/41/4767ff64e422734487a06384a66e62615b1f5cf9cf3b23295e22d3ecf711/email_validator-2.1.0-py3-none-any.whl (from https://pypi.org/simple/email-validator/) (requires-python:>=3.7))
#16 27.60 Reason for being yanked: Forgot to drop Python 3.7 from python_requires, see https://github.com/JoshData/python-email-validator/pull/118
#16 27.63 Downloading fastapi-0.104.1-py3-none-any.whl (92 kB)
#16 27.67 Downloading uvicorn-0.24.0-py3-none-any.whl (59 kB)
#16 27.70 Downloading SQLAlchemy-2.0.23-cp312-cp312-musllinux_1_1_x86_64.whl (3.2 MB)
#16 27.96    ÔöüÔöüÔöüÔöüÔöüÔöüÔöüÔöüÔöüÔöüÔöüÔöüÔöüÔöüÔöüÔöüÔöüÔöüÔöüÔöüÔöüÔöüÔöüÔöüÔöüÔöüÔöüÔöüÔöüÔöüÔöüÔöüÔöüÔöüÔöüÔöüÔöüÔöüÔöüÔöü 3.2/3.2 MB 13.1 MB/s eta 0:00:00
#16 27.99 Downloading alembic-1.12.1-py3-none-any.whl (226 kB)
#16 28.03 Downloading psycopg-3.3.4-py3-none-any.whl (213 kB)
#16 28.08 Downloading pydantic_settings-2.1.0-py3-none-any.whl (11 kB)
#16 28.11 Downloading python_jose-3.3.0-py2.py3-none-any.whl (33 kB)
#16 28.14 Downloading passlib-1.7.4-py2.py3-none-any.whl (525 kB)
#16 28.19    ÔöüÔöüÔöüÔöüÔöüÔöüÔöüÔöüÔöüÔöüÔöüÔöüÔöüÔöüÔöüÔöüÔöüÔöüÔöüÔöüÔöüÔöüÔöüÔöüÔöüÔöüÔöüÔöüÔöüÔöüÔöüÔöüÔöüÔöüÔöüÔöüÔöüÔöüÔöüÔöü 525.6/525.6 kB 15.2 MB/s eta 0:00:00
#16 28.23 Downloading python_multipart-0.0.6-py3-none-any.whl (45 kB)
#16 28.26 Downloading redis-5.0.1-py3-none-any.whl (250 kB)
#16 28.31 Downloading celery-5.3.4-py3-none-any.whl (421 kB)
#16 28.37 Downloading email_validator-2.1.0-py3-none-any.whl (32 kB)
#16 28.40 Downloading pypdf-4.0.1-py3-none-any.whl (283 kB)
#16 28.45 Downloading slowapi-0.1.9-py3-none-any.whl (14 kB)
#16 28.48 Downloading Jinja2-3.1.2-py3-none-any.whl (133 kB)
#16 28.52 Downloading python_dotenv-1.0.0-py3-none-any.whl (19 kB)
#16 28.55 Downloading httpx-0.25.2-py3-none-any.whl (74 kB)
#16 28.59 Downloading requests-2.31.0-py3-none-any.whl (62 kB)
#16 28.63 Downloading aiofiles-23.2.1-py3-none-any.whl (15 kB)
#16 28.66 Downloading httpcore-1.0.9-py3-none-any.whl (78 kB)
#16 28.70 Downloading psycopg_binary-3.3.4-cp312-cp312-musllinux_1_2_x86_64.whl (4.2 MB)
#16 29.05    ÔöüÔöüÔöüÔöüÔöüÔöüÔöüÔöüÔöüÔöüÔöüÔöüÔöüÔöüÔöüÔöüÔöüÔöüÔöüÔöüÔöüÔöüÔöüÔöüÔöüÔöüÔöüÔöüÔöüÔöüÔöüÔöüÔöüÔöüÔöüÔöüÔöüÔöüÔöüÔöü 4.2/4.2 MB 12.8 MB/s eta 0:00:00
#16 29.08 Downloading anyio-3.7.1-py3-none-any.whl (80 kB)
#16 29.11 Downloading bcrypt-5.0.0-cp39-abi3-musllinux_1_2_x86_64.whl (359 kB)
#16 29.21 Downloading billiard-4.2.4-py3-none-any.whl (87 kB)
#16 29.26 Downloading certifi-2026.4.22-py3-none-any.whl (135 kB)
#16 29.31 Downloading charset_normalizer-3.4.7-cp312-cp312-musllinux_1_2_x86_64.whl (218 kB)
#16 29.37 Downloading click-8.3.3-py3-none-any.whl (110 kB)
#16 29.43 Downloading click_didyoumean-0.3.1-py3-none-any.whl (3.6 kB)
#16 29.46 Downloading click_plugins-1.1.1.2-py2.py3-none-any.whl (11 kB)
#16 29.50 Downloading click_repl-0.3.0-py3-none-any.whl (10 kB)
#16 29.53 Downloading cryptography-48.0.0-cp311-abi3-musllinux_1_2_x86_64.whl (5.0 MB)
#16 30.05    ÔöüÔöüÔöüÔöüÔöüÔöüÔöüÔöüÔöüÔöüÔöüÔöüÔöüÔöüÔöüÔöüÔöüÔöüÔöüÔöüÔöüÔöüÔöüÔöüÔöüÔöüÔöüÔöüÔöüÔöüÔöüÔöüÔöüÔöüÔöüÔöüÔöüÔöüÔöüÔöü 5.0/5.0 MB 10.7 MB/s eta 0:00:00
#16 30.09 Downloading dnspython-2.8.0-py3-none-any.whl (331 kB)
#16 30.16 Downloading ecdsa-0.19.2-py2.py3-none-any.whl (150 kB)
#16 30.21 Downloading greenlet-3.5.0-cp312-cp312-musllinux_1_2_x86_64.whl (1.6 MB)
#16 30.38    ÔöüÔöüÔöüÔöüÔöüÔöüÔöüÔöüÔöüÔöüÔöüÔöüÔöüÔöüÔöüÔöüÔöüÔöüÔöüÔöüÔöüÔöüÔöüÔöüÔöüÔöüÔöüÔöüÔöüÔöüÔöüÔöüÔöüÔöüÔöüÔöüÔöüÔöüÔöüÔöü 1.6/1.6 MB 11.2 MB/s eta 0:00:00
#16 30.41 Downloading h11-0.16.0-py3-none-any.whl (37 kB)
#16 30.44 Downloading httptools-0.7.1-cp312-cp312-musllinux_1_2_x86_64.whl (499 kB)
#16 30.52 Downloading idna-3.15-py3-none-any.whl (72 kB)
#16 30.56 Downloading kombu-5.6.2-py3-none-any.whl (214 kB)
#16 30.60 Downloading vine-5.1.0-py3-none-any.whl (9.6 kB)
#16 30.64 Downloading limits-5.8.0-py3-none-any.whl (60 kB)
#16 30.69 Downloading lxml-6.1.0-cp312-cp312-musllinux_1_2_x86_64.whl (5.3 MB)
#16 31.09    ÔöüÔöüÔöüÔöüÔöüÔöüÔöüÔöüÔöüÔöüÔöüÔöüÔöüÔöüÔöüÔöüÔöüÔöüÔöüÔöüÔöüÔöüÔöüÔöüÔöüÔöüÔöüÔöüÔöüÔöüÔöüÔöüÔöüÔöüÔöüÔöüÔöüÔöüÔöüÔöü 5.3/5.3 MB 13.6 MB/s eta 0:00:00
#16 31.12 Downloading markupsafe-3.0.3-cp312-cp312-musllinux_1_2_x86_64.whl (23 kB)
#16 31.15 Downloading pydantic-2.13.4-py3-none-any.whl (472 kB)
#16 31.24 Downloading pydantic_core-2.46.4-cp312-cp312-musllinux_1_1_x86_64.whl (2.4 MB)
#16 31.43    ÔöüÔöüÔöüÔöüÔöüÔöüÔöüÔöüÔöüÔöüÔöüÔöüÔöüÔöüÔöüÔöüÔöüÔöüÔöüÔöüÔöüÔöüÔöüÔöüÔöüÔöüÔöüÔöüÔöüÔöüÔöüÔöüÔöüÔöüÔöüÔöüÔöüÔöüÔöüÔöü 2.4/2.4 MB 14.1 MB/s eta 0:00:00
#16 31.46 Downloading python_dateutil-2.9.0.post0-py2.py3-none-any.whl (229 kB)
#16 31.52 Downloading pyyaml-6.0.3-cp312-cp312-musllinux_1_2_x86_64.whl (790 kB)
#16 31.68    ÔöüÔöüÔöüÔöüÔöüÔöüÔöüÔöüÔöüÔöüÔöüÔöüÔöüÔöüÔöüÔöüÔöüÔöüÔöüÔöüÔöüÔöüÔöüÔöüÔöüÔöüÔöüÔöüÔöüÔöüÔöüÔöüÔöüÔöüÔöüÔöüÔöüÔöüÔöüÔöü 790.2/790.2 kB 4.6 MB/s eta 0:00:00
#16 31.72 Downloading sniffio-1.3.1-py3-none-any.whl (10 kB)
#16 31.76 Downloading starlette-0.27.0-py3-none-any.whl (66 kB)
#16 31.79 Downloading typing_extensions-4.15.0-py3-none-any.whl (44 kB)
#16 31.84 Downloading tzdata-2026.2-py2.py3-none-any.whl (349 kB)
#16 31.97 Downloading urllib3-2.7.0-py3-none-any.whl (131 kB)
#16 32.03 Downloading uvloop-0.22.1-cp312-cp312-musllinux_1_2_x86_64.whl (4.3 MB)
#16 32.90    ÔöüÔöüÔöüÔöüÔöüÔöüÔöüÔöüÔöüÔöüÔöüÔöüÔöüÔöüÔöüÔöüÔöüÔöüÔöüÔöüÔöüÔöüÔöüÔöüÔöüÔöüÔöüÔöüÔöüÔöüÔöüÔöüÔöüÔöüÔöüÔöüÔöüÔöüÔöüÔöü 4.3/4.3 MB 7.8 MB/s eta 0:00:00
#16 32.94 Downloading watchfiles-1.1.1-cp312-cp312-musllinux_1_1_x86_64.whl (622 kB)
#16 33.01    ÔöüÔöüÔöüÔöüÔöüÔöüÔöüÔöüÔöüÔöüÔöüÔöüÔöüÔöüÔöüÔöüÔöüÔöüÔöüÔöüÔöüÔöüÔöüÔöüÔöüÔöüÔöüÔöüÔöüÔöüÔöüÔöüÔöüÔöüÔöüÔöüÔöüÔöüÔöüÔöü 622.7/622.7 kB 14.7 MB/s eta 0:00:00
#16 33.04 Downloading websockets-16.0-cp312-cp312-musllinux_1_2_x86_64.whl (184 kB)
#16 33.08 Downloading mako-1.3.12-py3-none-any.whl (78 kB)
#16 33.12 Downloading pyasn1-0.6.3-py3-none-any.whl (83 kB)
#16 33.16 Downloading rsa-4.9.1-py3-none-any.whl (34 kB)
#16 33.20 Downloading amqp-5.3.1-py3-none-any.whl (50 kB)
#16 33.24 Downloading annotated_types-0.7.0-py3-none-any.whl (13 kB)
#16 33.27 Downloading cffi-2.0.0-cp312-cp312-musllinux_1_2_x86_64.whl (221 kB)
#16 33.32 Downloading deprecated-1.3.1-py2.py3-none-any.whl (11 kB)
#16 33.35 Downloading packaging-26.2-py3-none-any.whl (100 kB)
#16 33.39 Downloading prompt_toolkit-3.0.52-py3-none-any.whl (391 kB)
#16 33.44 Downloading six-1.17.0-py2.py3-none-any.whl (11 kB)
#16 33.47 Downloading typing_inspection-0.4.2-py3-none-any.whl (14 kB)
#16 33.51 Downloading wrapt-2.1.2-cp312-cp312-musllinux_1_2_x86_64.whl (120 kB)
#16 33.54 Downloading pycparser-3.0-py3-none-any.whl (48 kB)
#16 33.58 Downloading wcwidth-0.7.0-py3-none-any.whl (110 kB)
#16 33.82 Building wheels for collected packages: python-docx
#16 33.83   Building wheel for python-docx (pyproject.toml): started
#16 34.77   Building wheel for python-docx (pyproject.toml): finished with status 'done'
#16 34.78   Created wheel for python-docx: filename=python_docx-0.8.11-py3-none-any.whl size=184570 sha256=09f3bba5d6715cd04ccbd730f7ea2388b745b73919eb83c9e0bc1bde74612042
#16 34.78   Stored in directory: /tmp/pip-ephem-wheel-cache-l9gxli76/wheels/e2/80/66/f9d57f4033ea18bb41c55f2379badd1da48e128c131efe39b5
#16 34.78 Successfully built python-docx
#16 35.07 Installing collected packages: passlib, wrapt, websockets, wcwidth, vine, uvloop, urllib3, tzdata, typing-extensions, sniffio, six, redis, pyyaml, python-multipart, python-dotenv, pypdf, pycparser, pyasn1, psycopg-binary, packaging, MarkupSafe, lxml, idna, httptools, h11, greenlet, dnspython, click, charset-normalizer, certifi, billiard, bcrypt, annotated-types, aiofiles, uvicorn, typing-inspection, sqlalchemy, rsa, requests, python-docx, python-dateutil, pydantic-core, psycopg, prompt-toolkit, Mako, jinja2, httpcore, email-validator, ecdsa, deprecated, click-plugins, click-didyoumean, cffi, anyio, amqp, watchfiles, starlette, python-jose, pydantic, limits, kombu, httpx, cryptography, click-repl, alembic, slowapi, pydantic-settings, fastapi, celery
#16 52.83 Successfully installed Mako-1.3.12 MarkupSafe-3.0.3 aiofiles-23.2.1 alembic-1.12.1 amqp-5.3.1 annotated-types-0.7.0 anyio-3.7.1 bcrypt-5.0.0 billiard-4.2.4 celery-5.3.4 certifi-2026.4.22 cffi-2.0.0 charset-normalizer-3.4.7 click-8.3.3 click-didyoumean-0.3.1 click-plugins-1.1.1.2 click-repl-0.3.0 cryptography-48.0.0 deprecated-1.3.1 dnspython-2.8.0 ecdsa-0.19.2 email-validator-2.1.0 fastapi-0.104.1 greenlet-3.5.0 h11-0.16.0 httpcore-1.0.9 httptools-0.7.1 httpx-0.25.2 idna-3.15 jinja2-3.1.2 kombu-5.6.2 limits-5.8.0 lxml-6.1.0 packaging-26.2 passlib-1.7.4 prompt-toolkit-3.0.52 psycopg-3.3.4 psycopg-binary-3.3.4 pyasn1-0.6.3 pycparser-3.0 pydantic-2.13.4 pydantic-core-2.46.4 pydantic-settings-2.1.0 pypdf-4.0.1 python-dateutil-2.9.0.post0 python-docx-0.8.11 python-dotenv-1.0.0 python-jose-3.3.0 python-multipart-0.0.6 pyyaml-6.0.3 redis-5.0.1 requests-2.31.0 rsa-4.9.1 six-1.17.0 slowapi-0.1.9 sniffio-1.3.1 sqlalchemy-2.0.23 starlette-0.27.0 typing-extensions-4.15.0 typing-inspection-0.4.2 tzdata-2026.2 urllib3-2.7.0 uvicorn-0.24.0 uvloop-0.22.1 vine-5.1.0 watchfiles-1.1.1 wcwidth-0.7.0 websockets-16.0 wrapt-2.1.2
#16 52.83 WARNING: Running pip as the 'root' user can result in broken permissions and conflicting behaviour with the system package manager, possibly rendering your system unusable. It is recommended to use a virtual environment instead: https://pip.pypa.io/warnings/venv. Use the --root-user-action option if you know what you are doing and want to suppress this warning.
#16 53.03 
#16 53.03 [notice] A new release of pip is available: 25.0.1 -> 26.1.1
#16 53.03 [notice] To update, run: pip install --upgrade pip
#16 DONE 53.9s

#16 [celery-worker base 5/5] RUN pip install --no-cache-dir -r requirements.txt
#16 DONE 53.9s

#26 [backend-python stage-1 4/7] COPY --from=base /usr/local/lib/python3.12/site-packages /usr/local/lib/python3.12/site-packages
#26 DONE 3.4s

#26 [celery-worker stage-1 4/7] COPY --from=base /usr/local/lib/python3.12/site-packages /usr/local/lib/python3.12/site-packages
#26 DONE 3.4s

#27 [backend-python stage-1 5/7] COPY app ./app
#27 DONE 0.2s

#27 [celery-worker stage-1 5/7] COPY app ./app
#27 DONE 0.2s

#28 [backend-python stage-1 6/7] RUN mkdir -p /app/uploads && chmod 755 /app/uploads
#28 DONE 0.5s

#28 [backend-python stage-1 6/7] RUN mkdir -p /app/uploads && chmod 755 /app/uploads
#28 DONE 0.5s

#29 [backend-python stage-1 7/7] RUN addgroup -g 1000 appuser && adduser -D -u 1000 -G appuser appuser
#29 DONE 0.6s

#29 [celery-worker stage-1 7/7] RUN addgroup -g 1000 appuser && adduser -D -u 1000 -G appuser appuser
#29 DONE 0.6s

#30 [celery-worker] exporting to image
#30 exporting layers
#30 ...

#31 [backend-python] exporting to image
#31 exporting layers 11.2s done
#31 exporting manifest sha256:8d89115cf0c9eaf88a53d42b8e6c95667824a9f1d29dc6661f534b5361054c85 0.1s done
#31 exporting config sha256:9ca596ae847d82a5abe53b9e617c4a03b3a8b43c95bd262b0c983c74a578de77
#31 ...

#30 [celery-worker] exporting to image
#30 exporting layers 11.2s done
#30 exporting manifest sha256:8214b38a7bb5e7c000115c4f9ae39d37ef0398de7917f19e52a049a965294e96 0.0s done
#30 exporting config sha256:6884b593542b7284b233636c92a2e34e3f9102992b10aaf98f70103f2be4719a 0.1s done
#30 exporting attestation manifest sha256:c93cba0d962af9aed3f0aab37d7e4f47b6dc5a0521b93e93fbf3c9c040d03943
#30 exporting attestation manifest sha256:c93cba0d962af9aed3f0aab37d7e4f47b6dc5a0521b93e93fbf3c9c040d03943 0.2s done
#30 exporting manifest list sha256:43d139767f7ddb2294fc43fd8693bdf39ded6b959b7256449d38f214015d176e
#30 exporting manifest list sha256:43d139767f7ddb2294fc43fd8693bdf39ded6b959b7256449d38f214015d176e 0.1s done
#30 naming to docker.io/library/parvagas-celery-worker:latest 0.0s done
#30 unpacking to docker.io/library/parvagas-celery-worker:latest
#30 unpacking to docker.io/library/parvagas-celery-worker:latest 8.9s done
#30 DONE 20.7s

#31 [backend-python] exporting to image
#31 exporting config sha256:9ca596ae847d82a5abe53b9e617c4a03b3a8b43c95bd262b0c983c74a578de77 0.1s done
#31 exporting attestation manifest sha256:220de3a903358d94890c5a0623c1efea6654abcb5356d1cfc6883761d0bd5c0c 0.2s done
#31 exporting manifest list sha256:4c21244ce7fcbc4f793a3e1bfdae640a4e50ac3584c73462aed8e8bb0247e48d 0.1s done
#31 naming to docker.io/library/parvagas-backend-python:latest 0.0s done
#31 unpacking to docker.io/library/parvagas-backend-python:latest 8.9s done
#31 DONE 20.7s

#32 [celery-worker] resolving provenance for metadata file
#32 DONE 0.3s

#33 [backend-python] resolving provenance for metadata file
#33 DONE 0.1s
 Image parvagas-backend-python Built 
 Image parvagas-celery-worker Built 
 Image parvagas-backend Built 
 Volume parvagas_python_uploads Creating 
 Volume parvagas_python_uploads Created 
 Volume parvagas_python_logs Creating 
 Volume parvagas_python_logs Created 
 Volume parvagas_redis_data Creating 
 Volume parvagas_redis_data Created 
 Container parvagas-redis-1 Creating 
 Container parvagas-backend-1 Recreate 
 Container parvagas-redis-1 Created 
 Container parvagas-celery-worker-1 Creating 
 Container parvagas-backend-python-1 Creating 
 Container parvagas-celery-worker-1 Created 
 Container parvagas-backend-python-1 Created 
 Container parvagas-backend-1 Recreated 
 Container parvagas-redis-1 Starting 
 Container parvagas-postgres-1 Starting 
 Container parvagas-postgres-1 Started 
 Container parvagas-postgres-1 Waiting 
 Container parvagas-redis-1 Started 
 Container parvagas-postgres-1 Waiting 
 Container parvagas-redis-1 Waiting 
 Container parvagas-redis-1 Waiting 
 Container parvagas-postgres-1 Waiting 
 Container parvagas-postgres-1 Healthy 
 Container parvagas-backend-1 Starting 
 Container parvagas-postgres-1 Healthy 
 Container parvagas-redis-1 Healthy 
 Container parvagas-postgres-1 Healthy 
 Container parvagas-backend-python-1 Starting 
 Container parvagas-redis-1 Healthy 
 Container parvagas-celery-worker-1 Starting 
 Container parvagas-backend-1 Started 
Error response from daemon: failed to create task for container: failed to 
create shim task: OCI runtime create failed: runc create failed: unable to 
start container process: error during container init: exec: "celery": 
executable file not found in $PATH
